error: Too few items: Expected at least 1
 --> tests/omit/06-empty-fields.rs:4:26
  |
4 | #[omit(arg(ident = Meta, fields(), derive(Debug, PartialEq)))]
  |                          ^^^^^^^^
